<html>
<body>
<pre>
<h1>礦ision Build Log</h1>
<h2>Tool Versions:</h2>
IDE-Version: μVision V5.14.2
Copyright (C) 2015 ARM Ltd and ARM Germany GmbH. All rights reserved.
License Information: Cortex-M3, Microsoft, LIC=2TTRA-1YFAB-UMA9A-1PZCM-MP31H-10Z8Q
 
Tool Versions:
Toolchain:       MDK-ARM Professional  Version: 5.20
Toolchain Path:  D:\MDK5.20\ARM\ARMCC\Bin
C Compiler:      Armcc.exe V5.06 update 2 (build 183)
Assembler:       Armasm.exe V5.06 update 2 (build 183)
Linker/Locator:  ArmLink.exe V5.06 update 2 (build 183)
Library Manager: ArmAr.exe V5.06 update 2 (build 183)
Hex Converter:   FromElf.exe V5.06 update 2 (build 183)
CPU DLL:         SARMCM3.DLL V5.20
Dialog DLL:      DARMSTM.DLL V1.66.0.0
Target DLL:      Segger\JL2CM3.dll V2.99.20.0
Dialog DLL:      TARMSTM.DLL V1.65.0.0
 
<h2>Project:</h2>
E:\时代电子\5月份\9426 STM32智能家居\源代码\USER\ICAPTURE.uvprojx
Project File Date:  05/18/2017

<h2>Output:</h2>
*** Using Compiler 'V5.06 update 2 (build 183)', folder: 'D:\MDK5.20\ARM\ARMCC\Bin'
Build target 'Target 1'
compiling main.c...
main.c(57): warning:  #167-D: argument of type "u8 *" is incompatible with parameter of type "char *restrict"
                                         sprintf(TEST_BUF,"temperature: %d 'C\r\n",Temperature);
main.c(59): warning:  #167-D: argument of type "u8 *" is incompatible with parameter of type "char *restrict"
                                         sprintf(TEST_BUF,"humidity: %d \r\n",HUM);
main.c(61): warning:  #167-D: argument of type "u8 *" is incompatible with parameter of type "char *restrict"
                                         sprintf(TEST_BUF,"smoke: %d ppm\r\n",PPM);
main.c(63): warning:  #167-D: argument of type "u8 *" is incompatible with parameter of type "const char *"
                                 length = strlen(TEST_BUF);
main.c(64): warning:  #167-D: argument of type "u8 *" is incompatible with parameter of type "char *restrict"
                                 sprintf(SEND_BUF,"AT+CIPSEND=0,%d\r\n",length);
main.c(65): warning:  #167-D: argument of type "u8 *" is incompatible with parameter of type "const char *restrict"
                                 printf(SEND_BUF); 
main.c(67): warning:  #167-D: argument of type "u8 *" is incompatible with parameter of type "const char *restrict"
                                 printf(TEST_BUF);
main.c(24): warning:  #177-D: variable "bat_voltage" was declared but never referenced
    float bat_voltage;
main.c(89): warning:  #167-D: argument of type "u8 *" is incompatible with parameter of type "char *restrict"
                        sprintf(show_buf,"TEMP:%02dC",(u16)Temperature);
main.c(102): warning:  #167-D: argument of type "u8 *" is incompatible with parameter of type "char *restrict"
                        sprintf(show_buf,"HUM:%02d%%",(u16)HUM);
main.c(115): warning:  #167-D: argument of type "u8 *" is incompatible with parameter of type "char *restrict"
                        sprintf(show_buf,"PPM:%02d%%",PPM);
main.c(199): warning:  #1-D: last line of file ends without a newline
  }     
main.c: 12 warnings, 0 errors
linking...
Program Size: Code=18472 RO-data=852 RW-data=76 ZI-data=1684  
FromELF: creating hex file...
"..\OBJ\ICAPTURE.axf" - 0 Error(s), 12 Warning(s).

<h2>Collection of Component include folders:</h2>
  E:\时代电子\5月份\9426 STM32智能家居\源代码\USER\RTE
  D:\MDK5.20\ARM\PACK\Keil\STM32F1xx_DFP\2.1.0\Device\Include

<h2>Collection of Component Files used:</h2>
</pre>
</body>
</html>
